=== Handover Log: M11.3-1 ===
Date: 2026-07-01
Card: M11.3-1 — Implement 328 VM builtin functions

--- Changes ---
Implemented 328 VM builtin functions across 18 source files covering:
  Math (22): MathAbs/Max/Min/Sqrt/Pow/Log/Round/Floor/Ceil/Exp/Cos/Sin/Tan...
  String (16): StringConcatenate/Find/Substr/Len/Replace/Split/Trim...
  Time (12): TimeCurrent/TimeLocal/TimeYear/TimeMonth/TimeDay...
  Array (20): ArrayResize/Size/Copy/SetAsSeries/Maximum/Minimum/Sort...
  Convert (10): NormalizeDouble/DoubleToString/StringToDouble/IntegerToString...
  Checkup (8): IsConnected/IsTesting/IsOptimization/IsVisualMode...
  Trade MQL4 (21): OrderSend/OrderClose/OrderModify/OrderDelete/OrderSelect...
  Trade MQL5 (7): PositionsTotal/PositionGetTicket/PositionGetDouble...
  Market Data (12): Ask/Bid/Point/Symbol/Digits/SymbolInfoDouble...
  Account (14): AccountBalance/Equity/FreeMargin/Margin/Leverage...
  Globals (8): GlobalVariableSet/Get/Check/Del/VariablesTotal...

--- Verification ---
--- PASS: TestAllBuiltinsWired (0.00s)
--- PASS: TestNoDuplicateBuiltins (0.00s)
--- PASS: TestBuiltinCount (0.00s)
ok      anttrader/tools/mql2go  0.060s

--- VM Builtin Files ---
vm_builtin_impls.go, vm_builtin_math.go, vm_builtin_string.go,
vm_builtin_string_ext.go, vm_builtin_time.go, vm_builtin_array.go,
vm_builtin_convert.go, vm_builtin_checkup.go, vm_builtin_trade.go,
vm_builtin_mql5_trade.go, vm_builtin_mql5_ts.go, vm_builtin_mql5_info.go,
vm_builtin_market.go, vm_builtin_account.go, vm_builtin_globals.go,
vm_builtin_indicators.go, vm_builtin_indicators_ext.go, vm_builtin_util.go
