=== Handover Log: M11.1-1 ===
Date: 2026-07-01
Card: M11.1-1 — Delete old interpreter execution files

--- Changes ---
Removed 15 files from interp/ package:
  exec.go, eval.go, builtins.go, builtin_tools.go, builtin_stubs.go,
  builtin_math.go, builtin_trade.go, builtin_trade_stubs.go,
  builtin_ctrade.go, builtin_indicators.go, builtin_onarray.go,
  orderpool.go, pospool.go, series.go, userfunc.go

Moved RuntimeBlindSpot type from exec.go to value.go before deletion.
Refactored IsBuiltinImplemented to not depend on builtinTable.

--- Verification ---
--- PASS: TestAllBuiltinsWired (0.00s)
--- PASS: TestNoDuplicateBuiltins (0.00s)
--- PASS: TestBuiltinCount (0.00s)
ok      anttrader/tools/mql2go  0.060s
ok      anttrader/tools/mql2go/interp   0.005s

--- Files Deleted ---
backend/tools/mql2go/interp/exec.go
backend/tools/mql2go/interp/eval.go
backend/tools/mql2go/interp/builtins.go
backend/tools/mql2go/interp/builtin_tools.go
backend/tools/mql2go/interp/builtin_stubs.go
backend/tools/mql2go/interp/builtin_math.go
backend/tools/mql2go/interp/builtin_trade.go
backend/tools/mql2go/interp/builtin_trade_stubs.go
backend/tools/mql2go/interp/builtin_ctrade.go
backend/tools/mql2go/interp/builtin_indicators.go
backend/tools/mql2go/interp/builtin_onarray.go
backend/tools/mql2go/interp/orderpool.go
backend/tools/mql2go/interp/pospool.go
backend/tools/mql2go/interp/series.go
backend/tools/mql2go/interp/userfunc.go
