=== Handover Log: M11.1-2 ===
Date: 2026-07-01
Card: M11.1-2 — Delete old interpreter test files

--- Changes ---
Removed 11 test files from interp/ package:
  completeness_test.go, integration_test.go, ontrade_test.go,
  ordercloseby_test.go, pool_test.go, onarray_test.go,
  symbolinfo_test.go, venus_e2e_test.go, builtin_tools_test.go,
  blindspot_test.go, interp_test.go

These tests depended on the Interpreter struct and its execution methods
which were removed in M11.1-1. The static analysis tests in analyze_test.go
were retained as they only use IR types.

--- Verification ---
--- PASS: TestAnalyze_MQL4_FullSupport (0.00s)
--- PASS: TestAnalyze_MQL5_CTradeAndPosition (0.00s)
--- PASS: TestAnalyze_MQL5_UnknownCTradeMethod (0.00s)
--- PASS: TestAnalyze_MissingBuiltin_iCustom (0.00s)
--- PASS: TestAnalyze_PreviouslyStubIndicator_NowImplemented (0.00s)
--- PASS: TestAnalyze_UserFuncNotBlindSpot (0.00s)
--- PASS: TestAnalyze_MixedSupportedAndBlind (0.00s)
--- PASS: TestAnalyze_ExecKind_OnTick (0.00s)
ok      anttrader/tools/mql2go/interp   0.005s

--- Files Deleted ---
backend/tools/mql2go/interp/completeness_test.go
backend/tools/mql2go/interp/integration_test.go
backend/tools/mql2go/interp/ontrade_test.go
backend/tools/mql2go/interp/ordercloseby_test.go
backend/tools/mql2go/interp/pool_test.go
backend/tools/mql2go/interp/onarray_test.go
backend/tools/mql2go/interp/symbolinfo_test.go
backend/tools/mql2go/interp/venus_e2e_test.go
backend/tools/mql2go/interp/builtin_tools_test.go
backend/tools/mql2go/interp/blindspot_test.go
backend/tools/mql2go/interp/interp_test.go
