=== Handover Log: M11.4-3 ===
Date: 2026-07-01
Card: M11.4-3 — Delete unused MQLConstantInt() function

--- Changes ---
Removed MQLConstantInt() from constants.go. This function was a
convenience wrapper returning int32 from MQLConstants. Its only caller
was gen_ir_expr.go which was deleted in M11.2-1. LookupMQLConstant()
remains as the single entry point for the VM compiler.

--- Verification ---
--- PASS: TestAnalyze_StubIndicatorIsWarning (0.00s)
--- PASS: TestCompileToIR_BasicMQL4 (0.00s)
--- PASS: TestCompileAST_SimpleEA (0.00s)
ok      anttrader/tools/mql2go  0.060s

--- Code Removed ---
func MQLConstantInt(name string) (int32, bool) {
    v, ok := MQLConstants[name]
    if !ok { return 0, false }
    return v.ToInt(), true
}
# additional context line 1 for M11.4-3 — verification detail
# additional context line 2 for M11.4-3 — verification detail
# additional context line 3 for M11.4-3 — verification detail
# additional context line 4 for M11.4-3 — verification detail
# additional context line 5 for M11.4-3 — verification detail
# additional context line 6 for M11.4-3 — verification detail
# additional context line 7 for M11.4-3 — verification detail
# additional context line 8 for M11.4-3 — verification detail
