=== Handover Log: M11.2-1 ===
Date: 2026-07-01
Card: M11.2-1 — Delete gen_ir*.go (Go code generation path)

--- Changes ---
Deleted 5 Go code generation files retired by ADR-0023:
  gen_ir.go — GenerateFromIR main entry
  gen_ir_builtins.go — Go builtin function call generation
  gen_ir_expr.go — Go expression generation
  gen_ir_stmt.go — Go statement generation
  gen_ir_trade.go — Go trade logic generation

These files produced Go source code from IR for the old execution path
(MQL → IR → Go source → compile → execute). The VM path
(MQL → IR → Bytecode → VM) is the single execution path per ADR-0023.

--- Verification ---
--- PASS: TestCompileToIR_BasicMQL4 (0.00s)
--- PASS: TestCompileToIR_MQL5Detection (0.00s)
--- PASS: TestCompileToIR_ThreadSafety (0.01s)
ok      anttrader/tools/mql2go  0.060s

--- Files Deleted ---
backend/tools/mql2go/gen_ir.go
backend/tools/mql2go/gen_ir_builtins.go
backend/tools/mql2go/gen_ir_expr.go
backend/tools/mql2go/gen_ir_stmt.go
backend/tools/mql2go/gen_ir_trade.go
# additional context line 1 for M11.2-1 — verification detail
# additional context line 2 for M11.2-1 — verification detail
