=== Handover Log: M11.2-3 ===
Date: 2026-07-01
Card: M11.2-3 — Delete behavioral_test.go + clean mql2go_test.go

--- Changes ---
Deleted behavioral_test.go which tested GenerateFromIR output.
Cleaned mql2go_test.go: removed 15 TestGenerateFromIR_* and TestGenIR_*
tests. Retained 11 CompileToIR/Analyze tests that test the VM path.
Removed unused imports (go/parser, go/token, strings).

--- Verification ---
--- PASS: TestAnalyze_MQL4FullCoverage (0.00s)
--- PASS: TestAnalyze_MQL5CTradeCoverage (0.00s)
--- PASS: TestAnalyze_MQL5UnknownCTradeMethod_BlindSpot (0.00s)
--- PASS: TestAnalyze_iCustom_BlindSpot (0.00s)
--- PASS: TestAnalyze_UserFuncNotBlindSpot (0.00s)
--- PASS: TestAnalyze_MQL4VersionFiltering (0.00s)
--- PASS: TestAnalyze_MQL5VersionFiltering (0.00s)
--- PASS: TestAnalyze_StubIndicatorIsWarning (0.00s)
ok      anttrader/tools/mql2go  0.060s

--- Files Affected ---
backend/tools/mql2go/behavioral_test.go (deleted)
backend/tools/mql2go/mql2go_test.go (rewritten, 689→247 lines)
# additional context line 1 for M11.2-3 — verification detail
# additional context line 2 for M11.2-3 — verification detail
# additional context line 3 for M11.2-3 — verification detail
# additional context line 4 for M11.2-3 — verification detail
# additional context line 5 for M11.2-3 — verification detail
# additional context line 6 for M11.2-3 — verification detail
