=== Handover Log: M11.1-3 ===
Date: 2026-07-01
Card: M11.1-3 — Move RuntimeBlindSpot to value.go

--- Changes ---
Moved RuntimeBlindSpot struct from exec.go (deleted) to value.go.
This type is used by VMRunner.GetRuntimeBlindSpots() and must survive
the interpreter cleanup. Placed it next to Value type since both are
runtime data types consumed by the VM path.

--- Verification ---
--- PASS: TestVMRunner (0.00s)
--- PASS: TestCompileMQLWithCoverage (0.00s)
--- PASS: TestE2E_VMRunner_Backtest (0.00s)
ok      anttrader/tools/mql2go  0.060s

--- Code ---
type RuntimeBlindSpot struct {
    Builtin  string
    Count    int
    Severity string
}

--- Consumers ---
- interp_runner.go: VMRunner.GetRuntimeBlindSpots() returns []RuntimeBlindSpot
- vm_live_session.go: blind spot reporting during live execution
- backtest_worker.go: blind spot reporting during backtest
# additional context line 1 for M11.1-3 — verification detail
# additional context line 2 for M11.1-3 — verification detail
# additional context line 3 for M11.1-3 — verification detail
