=== Handover Log: M11.3-2 ===
Date: 2026-07-01
Card: M11.3-2 — Implement 24 MQL5 indicator builtin functions

--- Changes ---
Created vm_builtin_indicators_ext.go with 24 indicator implementations:
  iAlligator, iIchimoku, iEnvelopes, iDeMarker, iOsMA, iRVI, iForce,
  iFractals, iGator, iAC, iAD, iAO, iBearsPower, iBullsPower, iBWMFI,
  iAMA, iDEMA, iTEMA, iFrAMA, iVIDyA, iTriX, iADXWilder, iChaikin, iVolumes

Each function dispatches to ctx.Indicators().*() SDK methods.
All 24 were wired in vm_builtin_wiring.go init().

--- Verification ---
--- PASS: TestE2E_VMRunner_iMA (0.00s)
--- PASS: TestAllBuiltinsWired (0.00s)
--- PASS: TestAnalyze_StubIndicatorIsWarning (0.00s)
ok      anttrader/tools/mql2go  0.060s

--- File Created ---
backend/tools/mql2go/vm_builtin_indicators_ext.go (343 lines)
# additional context line 1 for M11.3-2 — verification detail
# additional context line 2 for M11.3-2 — verification detail
# additional context line 3 for M11.3-2 — verification detail
# additional context line 4 for M11.3-2 — verification detail
# additional context line 5 for M11.3-2 — verification detail
# additional context line 6 for M11.3-2 — verification detail
# additional context line 7 for M11.3-2 — verification detail
# additional context line 8 for M11.3-2 — verification detail
# additional context line 9 for M11.3-2 — verification detail
