=== Handover Log: M11.4-2 ===
Date: 2026-07-01
Card: M11.4-2 — Clean analyze.go + builtin_registry.go comments

--- Changes ---
analyze.go:
  - Removed "the same IR that the interpreter executes" from IRReport
  - Changed "server-side interpreter" to "VM" in permanentBlindSpots comment
  - Updated EvalExprLiteral comment to remove "full interpreter" reference
  - Updated IsBuiltinImplemented to not reference builtinTable

builtin_registry.go:
  - Updated header to reference VM execution instead of dispatch tables
  - Updated each implemented* slice comment to reference VM files
  - Replaced "builtins.go callMarketData switch" with "vm_builtin_market.go"

--- Verification ---
--- PASS: TestAnalyze_MQL5CTradeCoverage (0.00s)
--- PASS: TestAnalyze_MQL4FullCoverage (0.00s)
--- PASS: TestAnalyze_MQL5UnknownCTradeMethod_BlindSpot (0.00s)
ok      anttrader/tools/mql2go/interp   0.005s

--- Files Modified ---
backend/tools/mql2go/interp/analyze.go
backend/tools/mql2go/interp/builtin_registry.go
# additional context line 1 for M11.4-2 — verification detail
# additional context line 2 for M11.4-2 — verification detail
# additional context line 3 for M11.4-2 — verification detail
# additional context line 4 for M11.4-2 — verification detail
# additional context line 5 for M11.4-2 — verification detail
