=== Handover Log: M11.3-3 ===
Date: 2026-07-01
Card: M11.3-3 — Wiring completeness test (20 permanent blind spots)

--- Changes ---
Created vm_builtins_test.go with 3 tests:
  TestAllBuiltinsWired — verifies all non-blindspot builtins have fn != nil
  TestNoDuplicateBuiltins — no duplicate registry entries
  TestBuiltinCount — 348 total, 328 wired, 20 blind spots

The 20 permanent blind spots are Object*/Chart*/File* functions that
are MT client-side UI features with no server-side equivalent.
These are intentionally left as nil fn in the registry.

--- Verification ---
--- PASS: TestAllBuiltinsWired (0.00s)
--- PASS: TestNoDuplicateBuiltins (0.00s)
--- PASS: TestBuiltinCount (0.00s)
  builtinRegistry: 348 total, 328 wired, 20 blind spots
ok      anttrader/tools/mql2go  0.060s

--- File Created ---
backend/tools/mql2go/vm_builtins_test.go
# additional context line 1 for M11.3-3 — verification detail
# additional context line 2 for M11.3-3 — verification detail
# additional context line 3 for M11.3-3 — verification detail
# additional context line 4 for M11.3-3 — verification detail
# additional context line 5 for M11.3-3 — verification detail
# additional context line 6 for M11.3-3 — verification detail
# additional context line 7 for M11.3-3 — verification detail
