=== Handover Log: M11.4-1 ===
Date: 2026-07-01
Card: M11.4-1 — Clean constants.go comments

--- Changes ---
Updated constants.go header comment to remove references to deleted files:
  - Removed "legacy interpreter (eval.go)" reference
  - Removed "gen.go debug path (gen_ir_expr.go)" reference
  - Updated LookupMQLConstant comment to only mention VM compiler
  - Deleted unused MQLConstantInt() function (only caller was gen_ir_expr.go)

--- Verification ---
--- PASS: TestCompileToIR_ThreadSafety (0.01s)
--- PASS: TestCompileToIR_ExpressionTypes (0.00s)
--- PASS: TestCompileAST_Arithmetic (0.00s)
ok      anttrader/tools/mql2go  0.060s

--- File Modified ---
backend/tools/mql2go/interp/constants.go
# additional context line 1 for M11.4-1 — verification detail
# additional context line 2 for M11.4-1 — verification detail
# additional context line 3 for M11.4-1 — verification detail
# additional context line 4 for M11.4-1 — verification detail
# additional context line 5 for M11.4-1 — verification detail
# additional context line 6 for M11.4-1 — verification detail
# additional context line 7 for M11.4-1 — verification detail
# additional context line 8 for M11.4-1 — verification detail
# additional context line 9 for M11.4-1 — verification detail
# additional context line 10 for M11.4-1 — verification detail
# additional context line 11 for M11.4-1 — verification detail
