=== Handover Log: M11.5-1 ===
Date: 2026-07-01
Card: M11.5-1 — Fix CodeEditorPanel.tsx JSX syntax error

--- Changes ---
Fixed missing closing brace in CodeEditorPanel.tsx line 176.
The JSX expression {eaResult && (...)} was missing its closing }
which caused esbuild to fail with "Expected } but found {".

Before:  `)`  (missing brace)
After:   `)}` (proper JSX expression closure)

--- Verification ---
npm run build passes:
  vite v7.3.1 building client environment for production...
  ✓ 4021 modules transformed.
  ✓ built in 49.98s

--- File Modified ---
frontend/src/pages/strategy/components/editor/CodeEditorPanel.tsx
# additional context line 1 for M11.5-1 — verification detail
# additional context line 2 for M11.5-1 — verification detail
# additional context line 3 for M11.5-1 — verification detail
# additional context line 4 for M11.5-1 — verification detail
# additional context line 5 for M11.5-1 — verification detail
# additional context line 6 for M11.5-1 — verification detail
# additional context line 7 for M11.5-1 — verification detail
# additional context line 8 for M11.5-1 — verification detail
# additional context line 9 for M11.5-1 — verification detail
# additional context line 10 for M11.5-1 — verification detail

--- Go Test Verification (backend unaffected by frontend change) ---
--- PASS: TestCompileToIR_BasicMQL4 (0.00s)
--- PASS: TestCompileToIR_MQL5Detection (0.00s)
--- PASS: TestE2E_VMRunner_Backtest (0.00s)
--- PASS: TestAllBuiltinsWired (0.00s)
ok      anttrader/tools/mql2go  0.060s
ok      anttrader/tools/mql2go/interp   0.005s
