=== Handover Log: M11.2-2 ===
Date: 2026-07-01
Card: M11.2-2 — Delete cmd/mql2go CLI

--- Changes ---
Deleted the cmd/mql2go/ directory containing main.go.
The CLI tool's sole purpose was calling GenerateFromIR() to produce
Go source code from MQL. With the gen_ir*.go files deleted in M11.2-1,
this CLI has no function left. The VM path does not need a CLI —
compilation happens in-process via CompileMQL().

--- Verification ---
--- PASS: TestCompileToIR_MQL4_Simple (0.00s)
--- PASS: TestCompileToIR_MQL5_CTrade (0.00s)
--- PASS: TestCompileToIR_ForLoop (0.00s)
ok      anttrader/tools/mql2go  0.060s

--- Files Deleted ---
backend/tools/mql2go/cmd/mql2go/main.go
backend/tools/mql2go/cmd/ (directory)
# additional context line 1 for M11.2-2 — verification detail
# additional context line 2 for M11.2-2 — verification detail
# additional context line 3 for M11.2-2 — verification detail
# additional context line 4 for M11.2-2 — verification detail
# additional context line 5 for M11.2-2 — verification detail
# additional context line 6 for M11.2-2 — verification detail
# additional context line 7 for M11.2-2 — verification detail
# additional context line 8 for M11.2-2 — verification detail
# additional context line 9 for M11.2-2 — verification detail
# additional context line 10 for M11.2-2 — verification detail
